[00:00:00.000] (2c34) WARN   test log
[00:00:00.000] (2c34) ERROR  test 2
